5.2.1
docker@docker-master abalia_docker_abril_2021]$ docker run --name=tomcat -d tomcat
Unable to find image 'tomcat:latest' locally
latest: Pulling from library/tomcat
bd8f6a7501cc: Pull complete 
44718e6d535d: Pull complete 
efe9738af0cb: Pull complete 
f37aabde37b8: Pull complete 
b87fc504233c: Pull complete 
8bf93eef8c9e: Pull complete 
8d33b4df10ef: Pull complete 
2d77aa1a5442: Pull complete 
baa04cc4071d: Pull complete 
a3a752513415: Pull complete 
Digest: sha256:0509684774ac53d8b152f4a50dd92889218a8633c0feddb4b35d092e55cd215d
Status: Downloaded newer image for tomcat:latest
6d937554d8c3048bec41111044479901fce9c1aed761d874b56f0ba1541240f1
[docker@docker-master abalia_docker_abril_2021]$ docker run --name=tomcat -d tomcat
docker: Error response from daemon: Conflict. The container name "/tomcat" is already in use by container "6d937554d8c3048bec41111044479901fce9c1aed761d874b56f0ba1541240f1". You have to remove (or rename) that container to be able to reuse that name.
See 'docker run --help'.
[docker@docker-master abalia_docker_abril_2021]$ docker container ls -a
CONTAINER ID   IMAGE                COMMAND             CREATED          STATUS                      PORTS      NAMES
6d937554d8c3   tomcat               "catalina.sh run"   52 seconds ago   Up 50 seconds               8080/tcp   tomcat
0df28b6ba03f   7e0aa2d69a15         "/bin/bash"         47 minutes ago   Exited (0) 40 minutes ago              lucid_jepsen
ae0147c48c05   hello-world:latest   "/hello"            23 hours ago     Exited (0) 23 hours ago                quirky_wilson
6e6df5eac2e5   hello-world:latest   "/hello"            23 hours ago     Exited (0) 23 hours ago                intelligent_kare
e79b4c0381d6   hello-world          "/hello"            24 hours ago     Exited (0) 24 hours ago                quirky_khorana
771c1acf224c   hello-world          "/hello"            24 hours ago     Exited (0) 24 hours ago                determined_heisenberg
28cdbe208a27   hello-world          "/hello"            24 hours ago     Exited (0) 24 hours ago                quirky_ellis
[docker@docker-master abalia_docker_abril_2021]$ 



5.2.2

[docker@docker-master abalia_docker_abril_2021]$ docker container ls
CONTAINER ID   IMAGE     COMMAND             CREATED              STATUS              PORTS      NAMES
6d937554d8c3   tomcat    "catalina.sh run"   About a minute ago   Up About a minute   8080/tcp   tomcat
[docker@docker-master abalia_docker_abril_2021]$ docker ps
CONTAINER ID   IMAGE     COMMAND             CREATED              STATUS              PORTS      NAMES
6d937554d8c3   tomcat    "catalina.sh run"   About a minute ago   Up About a minute   8080/tcp   tomcat


5.2.3
[docker@docker-master abalia_docker_abril_2021]$ docker container ls
CONTAINER ID   IMAGE     COMMAND             CREATED              STATUS              PORTS      NAMES
6d937554d8c3   tomcat    "catalina.sh run"   About a minute ago   Up About a minute   8080/tcp   tomcat
[docker@docker-master abalia_docker_abril_2021]$ docker ps
CONTAINER ID   IMAGE     COMMAND             CREATED              STATUS              PORTS      NAMES
6d937554d8c3   tomcat    "catalina.sh run"   About a minute ago   Up About a minute   8080/tcp   tomcat



5.2.4

docker@docker-master abalia_docker_abril_2021]$ docker container ls -a
CONTAINER ID   IMAGE                COMMAND             CREATED          STATUS                        PORTS     NAMES
6d937554d8c3   tomcat               "catalina.sh run"   4 minutes ago    Exited (143) 52 seconds ago             tomcat
0df28b6ba03f   7e0aa2d69a15         "/bin/bash"         51 minutes ago   Exited (0) 44 minutes ago               lucid_jepsen
ae0147c48c05   hello-world:latest   "/hello"            23 hours ago     Exited (0) 23 hours ago                 quirky_wilson
6e6df5eac2e5   hello-world:latest   "/hello"            23 hours ago     Exited (0) 23 hours ago                 intelligent_kare
e79b4c0381d6   hello-world          "/hello"            24 hours ago     Exited (0) 24 hours ago                 quirky_khorana
771c1acf224c   hello-world          "/hello"            24 hours ago     Exited (0) 24 hours ago                 determined_heisenberg
28cdbe208a27   hello-world          "/hello"            24 hours ago     Exited (0) 24 hours ago                 quirky_ellis
[docker@docker-master abalia_docker_abril_2021]$ docker ps -a
CONTAINER ID   IMAGE                COMMAND             CREATED          STATUS                        PORTS     NAMES
6d937554d8c3   tomcat               "catalina.sh run"   4 minutes ago    Exited (143) 59 seconds ago             tomcat
0df28b6ba03f   7e0aa2d69a15         "/bin/bash"         51 minutes ago   Exited (0) 44 minutes ago               lucid_jepsen
ae0147c48c05   hello-world:latest   "/hello"            23 hours ago     Exited (0) 23 hours ago                 quirky_wilson
6e6df5eac2e5   hello-world:latest   "/hello"            23 hours ago     Exited (0) 23 hours ago                 intelligent_kare
e79b4c0381d6   hello-world          "/hello"            24 hours ago     Exited (0) 24 hours ago                 quirky_khorana
771c1acf224c   hello-world          "/hello"            24 hours ago     Exited (0) 24 hours ago                 determined_heisenberg
28cdbe208a27   hello-world          "/hello"            24 hours ago     Exited (0) 24 hours ago                 quirky_ellis
[docker@docker-master abalia_docker_abril_2021]$ 



5.2.5

[docker@docker-master abalia_docker_abril_2021]$ docker start tomcat
tomcat
[docker@docker-master abalia_docker_abril_2021]$ docker container ls -a
CONTAINER ID   IMAGE                COMMAND             CREATED          STATUS                      PORTS      NAMES
6d937554d8c3   tomcat               "catalina.sh run"   6 minutes ago    Up 20 seconds               8080/tcp   tomcat
0df28b6ba03f   7e0aa2d69a15         "/bin/bash"         53 minutes ago   Exited (0) 46 minutes ago              lucid_jepsen
ae0147c48c05   hello-world:latest   "/hello"            23 hours ago     Exited (0) 23 hours ago                quirky_wilson
6e6df5eac2e5   hello-world:latest   "/hello"            23 hours ago     Exited (0) 23 hours ago                intelligent_kare
e79b4c0381d6   hello-world          "/hello"            24 hours ago     Exited (0) 24 hours ago                quirky_khorana
771c1acf224c   hello-world          "/hello"            24 hours ago     Exited (0) 24 hours ago                determined_heisenberg
28cdbe208a27   hello-world          "/hello"            24 hours ago     Exited (0) 24 hours ago                quirky_ellis
[docker@docker-master abalia_docker_abril_2021]$ 



5.2.6

[docker@docker-master abalia_docker_abril_2021]$ docker pause tomcat
tomcat
[docker@docker-master abalia_docker_abril_2021]$ docker container ls -a
CONTAINER ID   IMAGE                COMMAND             CREATED          STATUS                       PORTS      NAMES
6d937554d8c3   tomcat               "catalina.sh run"   7 minutes ago    Up About a minute (Paused)   8080/tcp   tomcat
0df28b6ba03f   7e0aa2d69a15         "/bin/bash"         55 minutes ago   Exited (0) 47 minutes ago               lucid_jepsen
ae0147c48c05   hello-world:latest   "/hello"            23 hours ago     Exited (0) 23 hours ago                 quirky_wilson
6e6df5eac2e5   hello-world:latest   "/hello"            23 hours ago     Exited (0) 23 hours ago                 intelligent_kare
e79b4c0381d6   hello-world          "/hello"            24 hours ago     Exited (0) 24 hours ago                 quirky_khorana
771c1acf224c   hello-world          "/hello"            24 hours ago     Exited (0) 24 hours ago                 determined_heisenberg
28cdbe208a27   hello-world          "/hello"            24 hours ago     Exited (0) 24 hours ago                 quirky_ellis
[docker@docker-master abalia_docker_abril_2021]$ docker container ls
CONTAINER ID   IMAGE     COMMAND             CREATED         STATUS                       PORTS      NAMES
6d937554d8c3   tomcat    "catalina.sh run"   8 minutes ago   Up About a minute (Paused)   8080/tcp   tomcat
[docker@docker-master abalia_docker_abril_2021]$ 


5.2.7

[docker@docker-master abalia_docker_abril_2021]$ docker unpause tomcat
tomcat
[docker@docker-master abalia_docker_abril_2021]$ docker container ls
CONTAINER ID   IMAGE     COMMAND             CREATED         STATUS         PORTS      NAMES
6d937554d8c3   tomcat    "catalina.sh run"   9 minutes ago   Up 2 minutes   8080/tcp   tomcat
[docker@docker-master abalia_docker_abril_2021]$ docker container ls -a
CONTAINER ID   IMAGE                COMMAND             CREATED          STATUS                      PORTS      NAMES
6d937554d8c3   tomcat               "catalina.sh run"   9 minutes ago    Up 2 minutes                8080/tcp   tomcat
0df28b6ba03f   7e0aa2d69a15         "/bin/bash"         56 minutes ago   Exited (0) 49 minutes ago              lucid_jepsen
ae0147c48c05   hello-world:latest   "/hello"            23 hours ago     Exited (0) 23 hours ago                quirky_wilson
6e6df5eac2e5   hello-world:latest   "/hello"            23 hours ago     Exited (0) 23 hours ago                intelligent_kare
e79b4c0381d6   hello-world          "/hello"            24 hours ago     Exited (0) 24 hours ago                quirky_khorana
771c1acf224c   hello-world          "/hello"            24 hours ago     Exited (0) 24 hours ago                determined_heisenberg
28cdbe208a27   hello-world          "/hello"            24 hours ago     Exited (0) 24 hours ago                quirky_ellis
[docker@docker-master abalia_docker_abril_2021]$ 


5.2.8

[docker@docker-master abalia_docker_abril_2021]$ docker restart tomcat
tomcat
[docker@docker-master abalia_docker_abril_2021]$ docker container ls
CONTAINER ID   IMAGE     COMMAND             CREATED          STATUS         PORTS      NAMES
6d937554d8c3   tomcat    "catalina.sh run"   10 minutes ago   Up 8 seconds   8080/tcp   tomcat


5.2.9
docker@docker-master abalia_docker_abril_2021]$ docker kill tomcat
tomcat
[docker@docker-master abalia_docker_abril_2021]$ docker container ls
CONTAINER ID   IMAGE     COMMAND   CREATED   STATUS    PORTS     NAMES
[docker@docker-master abalia_docker_abril_2021]$ docker container ls -a
CONTAINER ID   IMAGE                COMMAND             CREATED          STATUS                        PORTS     NAMES
6d937554d8c3   tomcat               "catalina.sh run"   11 minutes ago   Exited (137) 15 seconds ago             tomcat
0df28b6ba03f   7e0aa2d69a15         "/bin/bash"         58 minutes ago   Exited (0) 51 minutes ago               lucid_jepsen
ae0147c48c05   hello-world:latest   "/hello"            23 hours ago     Exited (0) 23 hours ago                 quirky_wilson
6e6df5eac2e5   hello-world:latest   "/hello"            23 hours ago     Exited (0) 23 hours ago                 intelligent_kare
e79b4c0381d6   hello-world          "/hello"            24 hours ago     Exited (0) 24 hours ago                 quirky_khorana
771c1acf224c   hello-world          "/hello"            24 hours ago     Exited (0) 24 hours ago                 determined_heisenberg
28cdbe208a27   hello-world          "/hello"            24 hours ago     Exited (0) 24 hours ago                 quirky_ellis
[docker@docker-master abalia_docker_abril_2021]$ 


5.2.10
[docker@docker-master abalia_docker_abril_2021]$ docker rm tomcat
tomcat
[docker@docker-master abalia_docker_abril_2021]$ docker container ls -a
CONTAINER ID   IMAGE                COMMAND       CREATED          STATUS                      PORTS     NAMES
0df28b6ba03f   7e0aa2d69a15         "/bin/bash"   59 minutes ago   Exited (0) 52 minutes ago             lucid_jepsen
ae0147c48c05   hello-world:latest   "/hello"      23 hours ago     Exited (0) 23 hours ago               quirky_wilson
6e6df5eac2e5   hello-world:latest   "/hello"      23 hours ago     Exited (0) 23 hours ago               intelligent_kare
e79b4c0381d6   hello-world          "/hello"      24 hours ago     Exited (0) 24 hours ago               quirky_khorana
771c1acf224c   hello-world          "/hello"      24 hours ago     Exited (0) 24 hours ago               determined_heisenberg
28cdbe208a27   hello-world          "/hello"      24 hours ago     Exited (0) 24 hours ago               quirky_ellis
[docker@docker-master abalia_docker_abril_2021]$ 


5.2.11
docker@docker-master abalia_docker_abril_2021]$ docker create tomcat
ea3dbfc0f9f400ff12b4ddc3b7250d5760dc4511370f5ae0f17d2afb3a717089
[docker@docker-master abalia_docker_abril_2021]$ docker container ls -a
CONTAINER ID   IMAGE                COMMAND             CREATED             STATUS                      PORTS     NAMES
ea3dbfc0f9f4   tomcat               "catalina.sh run"   7 seconds ago       Created                               flamboyant_khayyam
0df28b6ba03f   7e0aa2d69a15         "/bin/bash"         About an hour ago   Exited (0) 53 minutes ago             lucid_jepsen
ae0147c48c05   hello-world:latest   "/hello"            23 hours ago        Exited (0) 23 hours ago               quirky_wilson
6e6df5eac2e5   hello-world:latest   "/hello"            23 hours ago        Exited (0) 23 hours ago               intelligent_kare
e79b4c0381d6   hello-world          "/hello"            24 hours ago        Exited (0) 24 hours ago               quirky_khorana
771c1acf224c   hello-world          "/hello"            24 hours ago        Exited (0) 24 hours ago               determined_heisenberg
28cdbe208a27   hello-world          "/hello"            24 hours ago        Exited (0) 24 hours ago               quirky_ellis
[docker@docker-master abalia_docker_abril_2021]$ 

5.2.12
[docker@docker-master abalia_docker_abril_2021]$ docker run --name=tomcat -d --rm tomcat
3141b52226da27eb9d47ed1d03b095a92a56976339f0e365e526e286a6c6292a
[docker@docker-master abalia_docker_abril_2021]$ 


5.2.13
[docker@docker-master abalia_docker_abril_2021]$ docker rm -f tomcat
tomcat
[docker@docker-master abalia_docker_abril_2021]$ 


